Archive member included because of file (symbol)

c:/users/mahmoud/desktop/imt_sdk_win_64_2/imt_sdk_win_64/winavr/bin/../lib/gcc/avr/4.3.3/avr5\libgcc.a(_divmodsi4.o)
                              ./HAL/LCD/LCD_PROGRAM.o (__divmodsi4)
c:/users/mahmoud/desktop/imt_sdk_win_64_2/imt_sdk_win_64/winavr/bin/../lib/gcc/avr/4.3.3/avr5\libgcc.a(_exit.o)
                              c:/users/mahmoud/desktop/imt_sdk_win_64_2/imt_sdk_win_64/winavr/bin/../lib/gcc/avr/4.3.3/../../../../avr/lib/avr5/crtm32.o (exit)
c:/users/mahmoud/desktop/imt_sdk_win_64_2/imt_sdk_win_64/winavr/bin/../lib/gcc/avr/4.3.3/avr5\libgcc.a(_copy_data.o)
                              ./HAL/KEYPAD/KET_PROGRAM.o (__do_copy_data)
c:/users/mahmoud/desktop/imt_sdk_win_64_2/imt_sdk_win_64/winavr/bin/../lib/gcc/avr/4.3.3/avr5\libgcc.a(_clear_bss.o)
                              ./MCAL/EXTERNAL_INTERRUPT/EXTI_PROGRAM1.o (__do_clear_bss)
c:/users/mahmoud/desktop/imt_sdk_win_64_2/imt_sdk_win_64/winavr/bin/../lib/gcc/avr/4.3.3/avr5\libgcc.a(_udivmodsi4.o)
                              c:/users/mahmoud/desktop/imt_sdk_win_64_2/imt_sdk_win_64/winavr/bin/../lib/gcc/avr/4.3.3/avr5\libgcc.a(_divmodsi4.o) (__udivmodsi4)
c:/users/mahmoud/desktop/imt_sdk_win_64_2/imt_sdk_win_64/winavr/bin/../lib/gcc/avr/4.3.3/../../../../avr/lib/avr5\libc.a(memcpy.o)
                              ./FREE_RTOS/queue.o (memcpy)
c:/users/mahmoud/desktop/imt_sdk_win_64_2/imt_sdk_win_64/winavr/bin/../lib/gcc/avr/4.3.3/../../../../avr/lib/avr5\libc.a(memset.o)
                              ./FREE_RTOS/tasks.o (memset)
c:/users/mahmoud/desktop/imt_sdk_win_64_2/imt_sdk_win_64/winavr/bin/../lib/gcc/avr/4.3.3/../../../../avr/lib/avr5\libc.a(strncpy.o)
                              ./FREE_RTOS/tasks.o (strncpy)

Memory Configuration

Name             Origin             Length             Attributes
text             0x00000000         0x00020000         xr
data             0x00800060         0x0000ffa0         rw !x
eeprom           0x00810000         0x00010000         rw !x
fuse             0x00820000         0x00000400         rw !x
lock             0x00830000         0x00000400         rw !x
signature        0x00840000         0x00000400         rw !x
*default*        0x00000000         0xffffffff

Linker script and memory map

LOAD c:/users/mahmoud/desktop/imt_sdk_win_64_2/imt_sdk_win_64/winavr/bin/../lib/gcc/avr/4.3.3/../../../../avr/lib/avr5/crtm32.o
LOAD ./MCAL/SPI/SPI_PROGRAM.o
LOAD ./MCAL/GLOBAL_INTERRUPT/GI_PROGRAM.o
LOAD ./MCAL/EXTERNAL_INTERRUPT/EXTI_PROGRAM1.o
LOAD ./MCAL/DIO/DIO_PROGRAM.o
LOAD ./MCAL/ADC/ADC_PROGRAM.o
LOAD ./HAL/LCD/LCD_PROGRAM.o
LOAD ./HAL/KEYPAD/KET_PROGRAM.o
LOAD ./FREE_RTOS/croutine.o
LOAD ./FREE_RTOS/heap_1.o
LOAD ./FREE_RTOS/list.o
LOAD ./FREE_RTOS/port.o
LOAD ./FREE_RTOS/queue.o
LOAD ./FREE_RTOS/tasks.o
LOAD ./FREE_RTOS/timers.o
LOAD ./APP/Traffic_Led/T_Led_Prohram.o
LOAD ./APP/main.o
LOAD c:/users/mahmoud/desktop/imt_sdk_win_64_2/imt_sdk_win_64/winavr/bin/../lib/gcc/avr/4.3.3/avr5\libgcc.a
LOAD c:/users/mahmoud/desktop/imt_sdk_win_64_2/imt_sdk_win_64/winavr/bin/../lib/gcc/avr/4.3.3/../../../../avr/lib/avr5\libc.a
LOAD c:/users/mahmoud/desktop/imt_sdk_win_64_2/imt_sdk_win_64/winavr/bin/../lib/gcc/avr/4.3.3/avr5\libgcc.a

.hash
 *(.hash)

.dynsym
 *(.dynsym)

.dynstr
 *(.dynstr)

.gnu.version
 *(.gnu.version)

.gnu.version_d
 *(.gnu.version_d)

.gnu.version_r
 *(.gnu.version_r)

.rel.init
 *(.rel.init)

.rela.init
 *(.rela.init)

.rel.text
 *(.rel.text)
 *(.rel.text.*)
 *(.rel.gnu.linkonce.t*)

.rela.text
 *(.rela.text)
 *(.rela.text.*)
 *(.rela.gnu.linkonce.t*)

.rel.fini
 *(.rel.fini)

.rela.fini
 *(.rela.fini)

.rel.rodata
 *(.rel.rodata)
 *(.rel.rodata.*)
 *(.rel.gnu.linkonce.r*)

.rela.rodata
 *(.rela.rodata)
 *(.rela.rodata.*)
 *(.rela.gnu.linkonce.r*)

.rel.data
 *(.rel.data)
 *(.rel.data.*)
 *(.rel.gnu.linkonce.d*)

.rela.data
 *(.rela.data)
 *(.rela.data.*)
 *(.rela.gnu.linkonce.d*)

.rel.ctors
 *(.rel.ctors)

.rela.ctors
 *(.rela.ctors)

.rel.dtors
 *(.rel.dtors)

.rela.dtors
 *(.rela.dtors)

.rel.got
 *(.rel.got)

.rela.got
 *(.rela.got)

.rel.bss
 *(.rel.bss)

.rela.bss
 *(.rela.bss)

.rel.plt
 *(.rel.plt)

.rela.plt
 *(.rela.plt)

.text           0x00000000     0x2764
 *(.vectors)
 .vectors       0x00000000       0x54 c:/users/mahmoud/desktop/imt_sdk_win_64_2/imt_sdk_win_64/winavr/bin/../lib/gcc/avr/4.3.3/../../../../avr/lib/avr5/crtm32.o
                0x00000000                __vectors
                0x00000000                __vector_default
 *(.vectors)
 *(.progmem.gcc*)
 *(.progmem*)
                0x00000054                . = ALIGN (0x2)
                0x00000054                __trampolines_start = .
 *(.trampolines)
 .trampolines   0x00000054        0x0 linker stubs
 *(.trampolines*)
                0x00000054                __trampolines_end = .
 *(.jumptables)
 *(.jumptables*)
 *(.lowtext)
 *(.lowtext*)
                0x00000054                __ctors_start = .
 *(.ctors)
                0x00000054                __ctors_end = .
                0x00000054                __dtors_start = .
 *(.dtors)
                0x00000054                __dtors_end = .
 SORT(*)(.ctors)
 SORT(*)(.dtors)
 *(.init0)
 .init0         0x00000054        0x0 c:/users/mahmoud/desktop/imt_sdk_win_64_2/imt_sdk_win_64/winavr/bin/../lib/gcc/avr/4.3.3/../../../../avr/lib/avr5/crtm32.o
                0x00000054                __init
 *(.init0)
 *(.init1)
 *(.init1)
 *(.init2)
 .init2         0x00000054        0xc c:/users/mahmoud/desktop/imt_sdk_win_64_2/imt_sdk_win_64/winavr/bin/../lib/gcc/avr/4.3.3/../../../../avr/lib/avr5/crtm32.o
 *(.init2)
 *(.init3)
 *(.init3)
 *(.init4)
 .init4         0x00000060       0x16 c:/users/mahmoud/desktop/imt_sdk_win_64_2/imt_sdk_win_64/winavr/bin/../lib/gcc/avr/4.3.3/avr5\libgcc.a(_copy_data.o)
                0x00000060                __do_copy_data
 .init4         0x00000076       0x10 c:/users/mahmoud/desktop/imt_sdk_win_64_2/imt_sdk_win_64/winavr/bin/../lib/gcc/avr/4.3.3/avr5\libgcc.a(_clear_bss.o)
                0x00000076                __do_clear_bss
 *(.init4)
 *(.init5)
 *(.init5)
 *(.init6)
 *(.init6)
 *(.init7)
 *(.init7)
 *(.init8)
 *(.init8)
 *(.init9)
 .init9         0x00000086        0x8 c:/users/mahmoud/desktop/imt_sdk_win_64_2/imt_sdk_win_64/winavr/bin/../lib/gcc/avr/4.3.3/../../../../avr/lib/avr5/crtm32.o
 *(.init9)
 *(.text)
 .text          0x0000008e        0x4 c:/users/mahmoud/desktop/imt_sdk_win_64_2/imt_sdk_win_64/winavr/bin/../lib/gcc/avr/4.3.3/../../../../avr/lib/avr5/crtm32.o
                0x0000008e                __vector_12
                0x0000008e                __bad_interrupt
                0x0000008e                __vector_6
                0x0000008e                __vector_11
                0x0000008e                __vector_13
                0x0000008e                __vector_17
                0x0000008e                __vector_19
                0x0000008e                __vector_5
                0x0000008e                __vector_4
                0x0000008e                __vector_9
                0x0000008e                __vector_15
                0x0000008e                __vector_8
                0x0000008e                __vector_14
                0x0000008e                __vector_10
                0x0000008e                __vector_16
                0x0000008e                __vector_18
                0x0000008e                __vector_20
 .text          0x00000092        0x0 ./MCAL/SPI/SPI_PROGRAM.o
 .text          0x00000092        0x0 ./MCAL/GLOBAL_INTERRUPT/GI_PROGRAM.o
 .text          0x00000092        0x0 ./MCAL/EXTERNAL_INTERRUPT/EXTI_PROGRAM1.o
 .text          0x00000092        0x0 ./MCAL/DIO/DIO_PROGRAM.o
 .text          0x00000092        0x0 ./MCAL/ADC/ADC_PROGRAM.o
 .text          0x00000092        0x0 ./HAL/LCD/LCD_PROGRAM.o
 .text          0x00000092        0x0 ./HAL/KEYPAD/KET_PROGRAM.o
 .text          0x00000092        0x0 ./FREE_RTOS/croutine.o
 .text          0x00000092        0x0 ./FREE_RTOS/heap_1.o
 .text          0x00000092        0x0 ./FREE_RTOS/list.o
 .text          0x00000092        0x0 ./FREE_RTOS/port.o
 .text          0x00000092        0x0 ./FREE_RTOS/queue.o
 .text          0x00000092        0x0 ./FREE_RTOS/tasks.o
 .text          0x00000092        0x0 ./FREE_RTOS/timers.o
 .text          0x00000092        0x0 ./APP/Traffic_Led/T_Led_Prohram.o
 .text          0x00000092        0x0 ./APP/main.o
 .text          0x00000092        0x0 c:/users/mahmoud/desktop/imt_sdk_win_64_2/imt_sdk_win_64/winavr/bin/../lib/gcc/avr/4.3.3/avr5\libgcc.a(_divmodsi4.o)
 .text          0x00000092        0x0 c:/users/mahmoud/desktop/imt_sdk_win_64_2/imt_sdk_win_64/winavr/bin/../lib/gcc/avr/4.3.3/avr5\libgcc.a(_exit.o)
 .text          0x00000092        0x0 c:/users/mahmoud/desktop/imt_sdk_win_64_2/imt_sdk_win_64/winavr/bin/../lib/gcc/avr/4.3.3/avr5\libgcc.a(_copy_data.o)
 .text          0x00000092        0x0 c:/users/mahmoud/desktop/imt_sdk_win_64_2/imt_sdk_win_64/winavr/bin/../lib/gcc/avr/4.3.3/avr5\libgcc.a(_clear_bss.o)
 .text          0x00000092        0x0 c:/users/mahmoud/desktop/imt_sdk_win_64_2/imt_sdk_win_64/winavr/bin/../lib/gcc/avr/4.3.3/avr5\libgcc.a(_udivmodsi4.o)
 .text          0x00000092        0x0 c:/users/mahmoud/desktop/imt_sdk_win_64_2/imt_sdk_win_64/winavr/bin/../lib/gcc/avr/4.3.3/../../../../avr/lib/avr5\libc.a(memcpy.o)
 .text          0x00000092        0x0 c:/users/mahmoud/desktop/imt_sdk_win_64_2/imt_sdk_win_64/winavr/bin/../lib/gcc/avr/4.3.3/../../../../avr/lib/avr5\libc.a(memset.o)
 .text          0x00000092        0x0 c:/users/mahmoud/desktop/imt_sdk_win_64_2/imt_sdk_win_64/winavr/bin/../lib/gcc/avr/4.3.3/../../../../avr/lib/avr5\libc.a(strncpy.o)
                0x00000092                . = ALIGN (0x2)
 *(.text.*)
 .text.SPI_INIT
                0x00000092        0x8 ./MCAL/SPI/SPI_PROGRAM.o
                0x00000092                SPI_INIT
 .text.SPI_TRANSFER
                0x0000009a       0x14 ./MCAL/SPI/SPI_PROGRAM.o
                0x0000009a                SPI_TRANSFER
 .text.GI_ENABLE
                0x000000ae        0x8 ./MCAL/GLOBAL_INTERRUPT/GI_PROGRAM.o
                0x000000ae                GI_ENABLE
 .text.GI_DISABLE
                0x000000b6        0x8 ./MCAL/GLOBAL_INTERRUPT/GI_PROGRAM.o
                0x000000b6                GI_DISABLE
 .text.EXTI_SELECT_MODE
                0x000000be       0x9e ./MCAL/EXTERNAL_INTERRUPT/EXTI_PROGRAM1.o
                0x000000be                EXTI_SELECT_MODE
 .text.EXTI_SELECT_INTERRUBT_ENABLE
                0x0000015c       0x24 ./MCAL/EXTERNAL_INTERRUPT/EXTI_PROGRAM1.o
                0x0000015c                EXTI_SELECT_INTERRUBT_ENABLE
 .text.EXTI_SELECT_INTERRUBT_DISABLE
                0x00000180       0x24 ./MCAL/EXTERNAL_INTERRUPT/EXTI_PROGRAM1.o
                0x00000180                EXTI_SELECT_INTERRUBT_DISABLE
 .text.EXTI_READ_FLAG
                0x000001a4       0x30 ./MCAL/EXTERNAL_INTERRUPT/EXTI_PROGRAM1.o
                0x000001a4                EXTI_READ_FLAG
 .text.ISR_EXTI0
                0x000001d4        0xa ./MCAL/EXTERNAL_INTERRUPT/EXTI_PROGRAM1.o
                0x000001d4                ISR_EXTI0
 .text.ISR_EXTI1
                0x000001de        0xa ./MCAL/EXTERNAL_INTERRUPT/EXTI_PROGRAM1.o
                0x000001de                ISR_EXTI1
 .text.ISR_EXTI2
                0x000001e8        0xa ./MCAL/EXTERNAL_INTERRUPT/EXTI_PROGRAM1.o
                0x000001e8                ISR_EXTI2
 .text.__vector_1
                0x000001f2       0x52 ./MCAL/EXTERNAL_INTERRUPT/EXTI_PROGRAM1.o
                0x000001f2                __vector_1
 .text.__vector_2
                0x00000244       0x52 ./MCAL/EXTERNAL_INTERRUPT/EXTI_PROGRAM1.o
                0x00000244                __vector_2
 .text.__vector_3
                0x00000296       0x52 ./MCAL/EXTERNAL_INTERRUPT/EXTI_PROGRAM1.o
                0x00000296                __vector_3
 .text.vSET_PIN_DIRECTION
                0x000002e8       0xe8 ./MCAL/DIO/DIO_PROGRAM.o
                0x000002e8                vSET_PIN_DIRECTION
 .text.vSET_PIN_OUTPUT_VALUE
                0x000003d0       0xe8 ./MCAL/DIO/DIO_PROGRAM.o
                0x000003d0                vSET_PIN_OUTPUT_VALUE
 .text.u8READ_PIN
                0x000004b8       0x40 ./MCAL/DIO/DIO_PROGRAM.o
                0x000004b8                u8READ_PIN
 .text.vToggel_PIN
                0x000004f8       0x6a ./MCAL/DIO/DIO_PROGRAM.o
                0x000004f8                vToggel_PIN
 .text.vSET_PORT_DIRECTION
                0x00000562       0x22 ./MCAL/DIO/DIO_PROGRAM.o
                0x00000562                vSET_PORT_DIRECTION
 .text.vSET_PORT_OUTPUT_VALUE
                0x00000584       0x22 ./MCAL/DIO/DIO_PROGRAM.o
                0x00000584                vSET_PORT_OUTPUT_VALUE
 .text.ADC_INIT
                0x000005a6       0x22 ./MCAL/ADC/ADC_PROGRAM.o
                0x000005a6                ADC_INIT
 .text.ADC_READ
                0x000005c8       0x1a ./MCAL/ADC/ADC_PROGRAM.o
                0x000005c8                ADC_READ
 .text.ADC_INTERRUPT_ENABLE
                0x000005e2        0x4 ./MCAL/ADC/ADC_PROGRAM.o
                0x000005e2                ADC_INTERRUPT_ENABLE
 .text.ADC_INTERRUPT_DISABLE
                0x000005e6        0x4 ./MCAL/ADC/ADC_PROGRAM.o
                0x000005e6                ADC_INTERRUPT_DISABLE
 .text.vLCD_WRITE_COMMAND
                0x000005ea       0xd8 ./HAL/LCD/LCD_PROGRAM.o
                0x000005ea                vLCD_WRITE_COMMAND
 .text.LCD_CLEAR_DISPALY
                0x000006c2       0x10 ./HAL/LCD/LCD_PROGRAM.o
                0x000006c2                LCD_CLEAR_DISPALY
 .text.SET_CURS
                0x000006d2       0x1c ./HAL/LCD/LCD_PROGRAM.o
                0x000006d2                SET_CURS
 .text.vLCD_WRITE_DATA
                0x000006ee       0xd8 ./HAL/LCD/LCD_PROGRAM.o
                0x000006ee                vLCD_WRITE_DATA
 .text.LCD_CUSTOM_CHARACTER
                0x000007c6       0x40 ./HAL/LCD/LCD_PROGRAM.o
                0x000007c6                LCD_CUSTOM_CHARACTER
 .text.LCD_SEND_NUMBER
                0x00000806       0xea ./HAL/LCD/LCD_PROGRAM.o
                0x00000806                LCD_SEND_NUMBER
 .text.LCD_WRITE_STRING
                0x000008f0       0x26 ./HAL/LCD/LCD_PROGRAM.o
                0x000008f0                LCD_WRITE_STRING
 .text.vLCD_INIT
                0x00000916       0x90 ./HAL/LCD/LCD_PROGRAM.o
                0x00000916                vLCD_INIT
 .text.KEY_PRESSED
                0x000009a6      0x10c ./HAL/KEYPAD/KET_PROGRAM.o
                0x000009a6                KEY_PRESSED
 .text.KEY_INIT
                0x00000ab2       0xa2 ./HAL/KEYPAD/KET_PROGRAM.o
                0x00000ab2                KEY_INIT
 .text.xCoRoutineRemoveFromEventList
                0x00000b54       0x4e ./FREE_RTOS/croutine.o
                0x00000b54                xCoRoutineRemoveFromEventList
 .text.vCoRoutineSchedule
                0x00000ba2      0x1c0 ./FREE_RTOS/croutine.o
                0x00000ba2                vCoRoutineSchedule
 .text.vCoRoutineAddToDelayedList
                0x00000d62       0x7a ./FREE_RTOS/croutine.o
                0x00000d62                vCoRoutineAddToDelayedList
 .text.xCoRoutineCreate
                0x00000ddc       0xf4 ./FREE_RTOS/croutine.o
                0x00000ddc                xCoRoutineCreate
 .text.vPortFree
                0x00000ed0        0x2 ./FREE_RTOS/heap_1.o
                0x00000ed0                vPortFree
 .text.vPortInitialiseBlocks
                0x00000ed2        0xa ./FREE_RTOS/heap_1.o
                0x00000ed2                vPortInitialiseBlocks
 .text.xPortGetFreeHeapSize
                0x00000edc       0x14 ./FREE_RTOS/heap_1.o
                0x00000edc                xPortGetFreeHeapSize
 .text.pvPortMalloc
                0x00000ef0       0x4e ./FREE_RTOS/heap_1.o
                0x00000ef0                pvPortMalloc
 .text.vListInitialise
                0x00000f3e       0x20 ./FREE_RTOS/list.o
                0x00000f3e                vListInitialise
 .text.vListInitialiseItem
                0x00000f5e        0x8 ./FREE_RTOS/list.o
                0x00000f5e                vListInitialiseItem
 .text.vListInsertEnd
                0x00000f66       0x52 ./FREE_RTOS/list.o
                0x00000f66                vListInsertEnd
 .text.vListInsert
                0x00000fb8       0x6a ./FREE_RTOS/list.o
                0x00000fb8                vListInsert
 .text.vListRemove
                0x00001022       0x50 ./FREE_RTOS/list.o
                0x00001022                vListRemove
 .text.pxPortInitialiseStack
                0x00001072       0x90 ./FREE_RTOS/port.o
                0x00001072                pxPortInitialiseStack
 .text.xPortStartScheduler
                0x00001102       0x6a ./FREE_RTOS/port.o
                0x00001102                xPortStartScheduler
 .text.vPortEndScheduler
                0x0000116c        0x2 ./FREE_RTOS/port.o
                0x0000116c                vPortEndScheduler
 .text.vPortYieldFromTick
                0x0000116e       0xb6 ./FREE_RTOS/port.o
                0x0000116e                vPortYieldFromTick
 .text.__vector_7
                0x00001224        0x6 ./FREE_RTOS/port.o
                0x00001224                __vector_7
 .text.vPortYield
                0x0000122a       0xb2 ./FREE_RTOS/port.o
                0x0000122a                vPortYield
 .text.uxQueueMessagesWaiting
                0x000012dc       0x10 ./FREE_RTOS/queue.o
                0x000012dc                uxQueueMessagesWaiting
 .text.uxQueueMessagesWaitingFromISR
                0x000012ec        0x6 ./FREE_RTOS/queue.o
                0x000012ec                uxQueueMessagesWaitingFromISR
 .text.xQueueIsQueueEmptyFromISR
                0x000012f2       0x10 ./FREE_RTOS/queue.o
                0x000012f2                xQueueIsQueueEmptyFromISR
 .text.xQueueIsQueueFullFromISR
                0x00001302       0x12 ./FREE_RTOS/queue.o
                0x00001302                xQueueIsQueueFullFromISR
 .text.vQueueDelete
                0x00001314       0x1c ./FREE_RTOS/queue.o
                0x00001314                vQueueDelete
 .text.xQueueReceiveFromISR
                0x00001330       0x7e ./FREE_RTOS/queue.o
                0x00001330                xQueueReceiveFromISR
 .text.prvCopyDataToQueue
                0x000013ae       0x82 ./FREE_RTOS/queue.o
 .text.xQueueGenericSendFromISR
                0x00001430       0x50 ./FREE_RTOS/queue.o
                0x00001430                xQueueGenericSendFromISR
 .text.prvUnlockQueue
                0x00001480       0x80 ./FREE_RTOS/queue.o
 .text.xQueueGenericReceive
                0x00001500      0x198 ./FREE_RTOS/queue.o
                0x00001500                xQueueGenericReceive
 .text.xQueueGenericSend
                0x00001698      0x148 ./FREE_RTOS/queue.o
                0x00001698                xQueueGenericSend
 .text.xQueueCreate
                0x000017e0       0xbe ./FREE_RTOS/queue.o
                0x000017e0                xQueueCreate
 .text.xQueueCreateCountingSemaphore
                0x0000189e       0x18 ./FREE_RTOS/queue.o
                0x0000189e                xQueueCreateCountingSemaphore
 .text.xTaskIsTaskSuspended
                0x000018b6       0x28 ./FREE_RTOS/tasks.o
                0x000018b6                xTaskIsTaskSuspended
 .text.vTaskSuspendAll
                0x000018de        0xc ./FREE_RTOS/tasks.o
                0x000018de                vTaskSuspendAll
 .text.xTaskGetTickCount
                0x000018ea       0x16 ./FREE_RTOS/tasks.o
                0x000018ea                xTaskGetTickCount
 .text.xTaskGetTickCountFromISR
                0x00001900        0xc ./FREE_RTOS/tasks.o
                0x00001900                xTaskGetTickCountFromISR
 .text.uxTaskGetNumberOfTasks
                0x0000190c        0x6 ./FREE_RTOS/tasks.o
                0x0000190c                uxTaskGetNumberOfTasks
 .text.vTaskSwitchContext
                0x00001912       0x84 ./FREE_RTOS/tasks.o
                0x00001912                vTaskSwitchContext
 .text.vTaskSetTimeOutState
                0x00001996       0x16 ./FREE_RTOS/tasks.o
                0x00001996                vTaskSetTimeOutState
 .text.xTaskCheckForTimeOut
                0x000019ac       0x7c ./FREE_RTOS/tasks.o
                0x000019ac                xTaskCheckForTimeOut
 .text.vTaskMissedYield
                0x00001a28        0x8 ./FREE_RTOS/tasks.o
                0x00001a28                vTaskMissedYield
 .text.xTaskRemoveFromEventList
                0x00001a30       0x7e ./FREE_RTOS/tasks.o
                0x00001a30                xTaskRemoveFromEventList
 .text.vTaskIncrementTick
                0x00001aae      0x148 ./FREE_RTOS/tasks.o
                0x00001aae                vTaskIncrementTick
 .text.xTaskResumeFromISR
                0x00001bf6       0x9c ./FREE_RTOS/tasks.o
                0x00001bf6                xTaskResumeFromISR
 .text.prvAddCurrentTaskToDelayedList
                0x00001c92       0x6e ./FREE_RTOS/tasks.o
 .text.vTaskPlaceOnEventList
                0x00001d00       0x58 ./FREE_RTOS/tasks.o
                0x00001d00                vTaskPlaceOnEventList
 .text.xTaskResumeAll
                0x00001d58       0xf6 ./FREE_RTOS/tasks.o
                0x00001d58                xTaskResumeAll
 .text.vTaskResume
                0x00001e4e       0x92 ./FREE_RTOS/tasks.o
                0x00001e4e                vTaskResume
 .text.vTaskSuspend
                0x00001ee0       0xa2 ./FREE_RTOS/tasks.o
                0x00001ee0                vTaskSuspend
 .text.vTaskDelay
                0x00001f82       0x4e ./FREE_RTOS/tasks.o
                0x00001f82                vTaskDelay
 .text.vTaskDelayUntil
                0x00001fd0       0x78 ./FREE_RTOS/tasks.o
                0x00001fd0                vTaskDelayUntil
 .text.vTaskDelete
                0x00002048       0x9a ./FREE_RTOS/tasks.o
                0x00002048                vTaskDelete
 .text.vTaskEndScheduler
                0x000020e2        0xc ./FREE_RTOS/tasks.o
                0x000020e2                vTaskEndScheduler
 .text.prvIdleTask
                0x000020ee       0x66 ./FREE_RTOS/tasks.o
 .text.xTaskGenericCreate
                0x00002154      0x252 ./FREE_RTOS/tasks.o
                0x00002154                xTaskGenericCreate
 .text.vTaskStartScheduler
                0x000023a6       0x56 ./FREE_RTOS/tasks.o
                0x000023a6                vTaskStartScheduler
 .text.EAST_WEST_yellow
                0x000023fc       0x2a ./APP/Traffic_Led/T_Led_Prohram.o
                0x000023fc                EAST_WEST_yellow
 .text.EAST_WEST_GREEN
                0x00002426       0x7a ./APP/Traffic_Led/T_Led_Prohram.o
                0x00002426                EAST_WEST_GREEN
 .text.North_South_Yellow
                0x000024a0       0x2a ./APP/Traffic_Led/T_Led_Prohram.o
                0x000024a0                North_South_Yellow
 .text.North_South_Green
                0x000024ca       0x7a ./APP/Traffic_Led/T_Led_Prohram.o
                0x000024ca                North_South_Green
 .text.vSetUp_TrafficButton_Direction
                0x00002544       0x36 ./APP/Traffic_Led/T_Led_Prohram.o
                0x00002544                vSetUp_TrafficButton_Direction
 .text.vSetUp_TrafficLed_Direction
                0x0000257a       0x12 ./APP/Traffic_Led/T_Led_Prohram.o
                0x0000257a                vSetUp_TrafficLed_Direction
 .text.buttonISR1
                0x0000258c        0x8 ./APP/main.o
                0x0000258c                buttonISR1
 .text.buttonISR2
                0x00002594        0x8 ./APP/main.o
                0x00002594                buttonISR2
 .text.main     0x0000259c       0x64 ./APP/main.o
                0x0000259c                main
 .text.pedestrianSignalTask
                0x00002600        0xa ./APP/main.o
                0x00002600                pedestrianSignalTask
 .text.trafficLightControlTask
                0x0000260a       0x9e ./APP/main.o
                0x0000260a                trafficLightControlTask
 .text.libgcc   0x000026a8       0x36 c:/users/mahmoud/desktop/imt_sdk_win_64_2/imt_sdk_win_64/winavr/bin/../lib/gcc/avr/4.3.3/avr5\libgcc.a(_divmodsi4.o)
                0x000026a8                __divmodsi4
 .text.libgcc   0x000026de        0x0 c:/users/mahmoud/desktop/imt_sdk_win_64_2/imt_sdk_win_64/winavr/bin/../lib/gcc/avr/4.3.3/avr5\libgcc.a(_exit.o)
 .text.libgcc   0x000026de        0x0 c:/users/mahmoud/desktop/imt_sdk_win_64_2/imt_sdk_win_64/winavr/bin/../lib/gcc/avr/4.3.3/avr5\libgcc.a(_copy_data.o)
 .text.libgcc   0x000026de        0x0 c:/users/mahmoud/desktop/imt_sdk_win_64_2/imt_sdk_win_64/winavr/bin/../lib/gcc/avr/4.3.3/avr5\libgcc.a(_clear_bss.o)
 .text.libgcc   0x000026de       0x44 c:/users/mahmoud/desktop/imt_sdk_win_64_2/imt_sdk_win_64/winavr/bin/../lib/gcc/avr/4.3.3/avr5\libgcc.a(_udivmodsi4.o)
                0x000026de                __udivmodsi4
 .text.avr-libc
                0x00002722       0x12 c:/users/mahmoud/desktop/imt_sdk_win_64_2/imt_sdk_win_64/winavr/bin/../lib/gcc/avr/4.3.3/../../../../avr/lib/avr5\libc.a(memcpy.o)
                0x00002722                memcpy
 .text.avr-libc
                0x00002734        0xe c:/users/mahmoud/desktop/imt_sdk_win_64_2/imt_sdk_win_64/winavr/bin/../lib/gcc/avr/4.3.3/../../../../avr/lib/avr5\libc.a(memset.o)
                0x00002734                memset
 .text.avr-libc
                0x00002742       0x1e c:/users/mahmoud/desktop/imt_sdk_win_64_2/imt_sdk_win_64/winavr/bin/../lib/gcc/avr/4.3.3/../../../../avr/lib/avr5\libc.a(strncpy.o)
                0x00002742                strncpy
                0x00002760                . = ALIGN (0x2)
 *(.fini9)
 .fini9         0x00002760        0x0 c:/users/mahmoud/desktop/imt_sdk_win_64_2/imt_sdk_win_64/winavr/bin/../lib/gcc/avr/4.3.3/avr5\libgcc.a(_exit.o)
                0x00002760                exit
                0x00002760                _exit
 *(.fini9)
 *(.fini8)
 *(.fini8)
 *(.fini7)
 *(.fini7)
 *(.fini6)
 *(.fini6)
 *(.fini5)
 *(.fini5)
 *(.fini4)
 *(.fini4)
 *(.fini3)
 *(.fini3)
 *(.fini2)
 *(.fini2)
 *(.fini1)
 *(.fini1)
 *(.fini0)
 .fini0         0x00002760        0x4 c:/users/mahmoud/desktop/imt_sdk_win_64_2/imt_sdk_win_64/winavr/bin/../lib/gcc/avr/4.3.3/avr5\libgcc.a(_exit.o)
 *(.fini0)
                0x00002764                _etext = .

.data           0x00800060       0x28 load address 0x00002764
                0x00800060                PROVIDE (__data_start, .)
 *(.data)
 .data          0x00800060        0x0 c:/users/mahmoud/desktop/imt_sdk_win_64_2/imt_sdk_win_64/winavr/bin/../lib/gcc/avr/4.3.3/../../../../avr/lib/avr5/crtm32.o
 .data          0x00800060        0x0 ./MCAL/SPI/SPI_PROGRAM.o
 .data          0x00800060        0x0 ./MCAL/GLOBAL_INTERRUPT/GI_PROGRAM.o
 .data          0x00800060        0x0 ./MCAL/EXTERNAL_INTERRUPT/EXTI_PROGRAM1.o
 .data          0x00800060        0x0 ./MCAL/DIO/DIO_PROGRAM.o
 .data          0x00800060        0x0 ./MCAL/ADC/ADC_PROGRAM.o
 .data          0x00800060        0x0 ./HAL/LCD/LCD_PROGRAM.o
 .data          0x00800060        0x0 ./HAL/KEYPAD/KET_PROGRAM.o
 .data          0x00800060        0x0 ./FREE_RTOS/croutine.o
 .data          0x00800060        0x0 ./FREE_RTOS/heap_1.o
 .data          0x00800060        0x0 ./FREE_RTOS/list.o
 .data          0x00800060        0x0 ./FREE_RTOS/port.o
 .data          0x00800060        0x0 ./FREE_RTOS/queue.o
 .data          0x00800060        0x5 ./FREE_RTOS/tasks.o
 .data          0x00800065        0x0 ./FREE_RTOS/timers.o
 .data          0x00800065        0x0 ./APP/Traffic_Led/T_Led_Prohram.o
 .data          0x00800065        0x0 ./APP/main.o
 .data          0x00800065        0x0 c:/users/mahmoud/desktop/imt_sdk_win_64_2/imt_sdk_win_64/winavr/bin/../lib/gcc/avr/4.3.3/avr5\libgcc.a(_divmodsi4.o)
 .data          0x00800065        0x0 c:/users/mahmoud/desktop/imt_sdk_win_64_2/imt_sdk_win_64/winavr/bin/../lib/gcc/avr/4.3.3/avr5\libgcc.a(_exit.o)
 .data          0x00800065        0x0 c:/users/mahmoud/desktop/imt_sdk_win_64_2/imt_sdk_win_64/winavr/bin/../lib/gcc/avr/4.3.3/avr5\libgcc.a(_copy_data.o)
 .data          0x00800065        0x0 c:/users/mahmoud/desktop/imt_sdk_win_64_2/imt_sdk_win_64/winavr/bin/../lib/gcc/avr/4.3.3/avr5\libgcc.a(_clear_bss.o)
 .data          0x00800065        0x0 c:/users/mahmoud/desktop/imt_sdk_win_64_2/imt_sdk_win_64/winavr/bin/../lib/gcc/avr/4.3.3/avr5\libgcc.a(_udivmodsi4.o)
 .data          0x00800065        0x0 c:/users/mahmoud/desktop/imt_sdk_win_64_2/imt_sdk_win_64/winavr/bin/../lib/gcc/avr/4.3.3/../../../../avr/lib/avr5\libc.a(memcpy.o)
 .data          0x00800065        0x0 c:/users/mahmoud/desktop/imt_sdk_win_64_2/imt_sdk_win_64/winavr/bin/../lib/gcc/avr/4.3.3/../../../../avr/lib/avr5\libc.a(memset.o)
 .data          0x00800065        0x0 c:/users/mahmoud/desktop/imt_sdk_win_64_2/imt_sdk_win_64/winavr/bin/../lib/gcc/avr/4.3.3/../../../../avr/lib/avr5\libc.a(strncpy.o)
 *(.data*)
 .data.KEYPAD_ARRAY
                0x00800065       0x10 ./HAL/KEYPAD/KET_PROGRAM.o
                0x00800065                KEYPAD_ARRAY
 .data.ROW_PORT_ARR
                0x00800075        0x4 ./HAL/KEYPAD/KET_PROGRAM.o
                0x00800075                ROW_PORT_ARR
 .data.ROW_PIN_ARR
                0x00800079        0x4 ./HAL/KEYPAD/KET_PROGRAM.o
                0x00800079                ROW_PIN_ARR
 .data.COL_PORT_ARR
                0x0080007d        0x4 ./HAL/KEYPAD/KET_PROGRAM.o
                0x0080007d                COL_PORT_ARR
 .data.COL_PIN_ARR
                0x00800081        0x4 ./HAL/KEYPAD/KET_PROGRAM.o
                0x00800081                COL_PIN_ARR
 .data.xNextTaskUnblockTime
                0x00800085        0x2 ./FREE_RTOS/tasks.o
 *(.rodata)
 *(.rodata*)
 *(.gnu.linkonce.d*)
                0x00800088                . = ALIGN (0x2)
 *fill*         0x00800087        0x1 00
                0x00800088                _edata = .
                0x00800088                PROVIDE (__data_end, .)

.bss            0x00800088      0x490
                0x00800088                PROVIDE (__bss_start, .)
 *(.bss)
 .bss           0x00800088        0x0 c:/users/mahmoud/desktop/imt_sdk_win_64_2/imt_sdk_win_64/winavr/bin/../lib/gcc/avr/4.3.3/../../../../avr/lib/avr5/crtm32.o
 .bss           0x00800088        0x0 ./MCAL/SPI/SPI_PROGRAM.o
 .bss           0x00800088        0x0 ./MCAL/GLOBAL_INTERRUPT/GI_PROGRAM.o
 .bss           0x00800088        0x0 ./MCAL/EXTERNAL_INTERRUPT/EXTI_PROGRAM1.o
 .bss           0x00800088        0x0 ./MCAL/DIO/DIO_PROGRAM.o
 .bss           0x00800088        0x0 ./MCAL/ADC/ADC_PROGRAM.o
 .bss           0x00800088        0x0 ./HAL/LCD/LCD_PROGRAM.o
 .bss           0x00800088        0x0 ./HAL/KEYPAD/KET_PROGRAM.o
 .bss           0x00800088        0x0 ./FREE_RTOS/croutine.o
 .bss           0x00800088        0x0 ./FREE_RTOS/heap_1.o
 .bss           0x00800088        0x0 ./FREE_RTOS/list.o
 .bss           0x00800088        0x0 ./FREE_RTOS/port.o
 .bss           0x00800088        0x0 ./FREE_RTOS/queue.o
 .bss           0x00800088        0x0 ./FREE_RTOS/tasks.o
 .bss           0x00800088        0x0 ./FREE_RTOS/timers.o
 .bss           0x00800088        0x0 ./APP/Traffic_Led/T_Led_Prohram.o
 .bss           0x00800088        0x0 ./APP/main.o
 .bss           0x00800088        0x0 c:/users/mahmoud/desktop/imt_sdk_win_64_2/imt_sdk_win_64/winavr/bin/../lib/gcc/avr/4.3.3/avr5\libgcc.a(_divmodsi4.o)
 .bss           0x00800088        0x0 c:/users/mahmoud/desktop/imt_sdk_win_64_2/imt_sdk_win_64/winavr/bin/../lib/gcc/avr/4.3.3/avr5\libgcc.a(_exit.o)
 .bss           0x00800088        0x0 c:/users/mahmoud/desktop/imt_sdk_win_64_2/imt_sdk_win_64/winavr/bin/../lib/gcc/avr/4.3.3/avr5\libgcc.a(_copy_data.o)
 .bss           0x00800088        0x0 c:/users/mahmoud/desktop/imt_sdk_win_64_2/imt_sdk_win_64/winavr/bin/../lib/gcc/avr/4.3.3/avr5\libgcc.a(_clear_bss.o)
 .bss           0x00800088        0x0 c:/users/mahmoud/desktop/imt_sdk_win_64_2/imt_sdk_win_64/winavr/bin/../lib/gcc/avr/4.3.3/avr5\libgcc.a(_udivmodsi4.o)
 .bss           0x00800088        0x0 c:/users/mahmoud/desktop/imt_sdk_win_64_2/imt_sdk_win_64/winavr/bin/../lib/gcc/avr/4.3.3/../../../../avr/lib/avr5\libc.a(memcpy.o)
 .bss           0x00800088        0x0 c:/users/mahmoud/desktop/imt_sdk_win_64_2/imt_sdk_win_64/winavr/bin/../lib/gcc/avr/4.3.3/../../../../avr/lib/avr5\libc.a(memset.o)
 .bss           0x00800088        0x0 c:/users/mahmoud/desktop/imt_sdk_win_64_2/imt_sdk_win_64/winavr/bin/../lib/gcc/avr/4.3.3/../../../../avr/lib/avr5\libc.a(strncpy.o)
 *(.bss*)
 .bss.PTR1      0x00800088        0x2 ./MCAL/EXTERNAL_INTERRUPT/EXTI_PROGRAM1.o
                0x00800088                PTR1
 .bss.PTR2      0x0080008a        0x2 ./MCAL/EXTERNAL_INTERRUPT/EXTI_PROGRAM1.o
                0x0080008a                PTR2
 .bss.PTR3      0x0080008c        0x2 ./MCAL/EXTERNAL_INTERRUPT/EXTI_PROGRAM1.o
                0x0080008c                PTR3
 .bss.pxCurrentCoRoutine
                0x0080008e        0x2 ./FREE_RTOS/croutine.o
                0x0080008e                pxCurrentCoRoutine
 .bss.uxTopCoRoutineReadyPriority
                0x00800090        0x1 ./FREE_RTOS/croutine.o
 .bss.xLastTickCount
                0x00800091        0x2 ./FREE_RTOS/croutine.o
 .bss.xPassedTicks
                0x00800093        0x2 ./FREE_RTOS/croutine.o
 .bss.xCoRoutineTickCount
                0x00800095        0x2 ./FREE_RTOS/croutine.o
 .bss.pxReadyCoRoutineLists
                0x00800097       0x12 ./FREE_RTOS/croutine.o
 .bss.xDelayedCoRoutineList1
                0x008000a9        0x9 ./FREE_RTOS/croutine.o
 .bss.xDelayedCoRoutineList2
                0x008000b2        0x9 ./FREE_RTOS/croutine.o
 .bss.pxDelayedCoRoutineList
                0x008000bb        0x2 ./FREE_RTOS/croutine.o
 .bss.pxOverflowDelayedCoRoutineList
                0x008000bd        0x2 ./FREE_RTOS/croutine.o
 .bss.xPendingReadyCoRoutineList
                0x008000bf        0x9 ./FREE_RTOS/croutine.o
 .bss.xNextFreeByte
                0x008000c8        0x2 ./FREE_RTOS/heap_1.o
 .bss.xHeap     0x008000ca      0x3e8 ./FREE_RTOS/heap_1.o
 .bss.pxCurrentTCB
                0x008004b2        0x2 ./FREE_RTOS/tasks.o
                0x008004b2                pxCurrentTCB
 .bss.xMissedYield
                0x008004b4        0x1 ./FREE_RTOS/tasks.o
 .bss.xNumOfOverflows
                0x008004b5        0x1 ./FREE_RTOS/tasks.o
 .bss.xTickCount
                0x008004b6        0x2 ./FREE_RTOS/tasks.o
 .bss.uxSchedulerSuspended
                0x008004b8        0x1 ./FREE_RTOS/tasks.o
 .bss.uxTopReadyPriority
                0x008004b9        0x1 ./FREE_RTOS/tasks.o
 .bss.uxMissedTicks
                0x008004ba        0x1 ./FREE_RTOS/tasks.o
 .bss.uxCurrentNumberOfTasks
                0x008004bb        0x1 ./FREE_RTOS/tasks.o
 .bss.xSchedulerRunning
                0x008004bc        0x1 ./FREE_RTOS/tasks.o
 .bss.uxTasksDeleted
                0x008004bd        0x1 ./FREE_RTOS/tasks.o
 .bss.uxTaskNumber
                0x008004be        0x1 ./FREE_RTOS/tasks.o
 .bss.uxTopUsedPriority
                0x008004bf        0x1 ./FREE_RTOS/tasks.o
 .bss.pxReadyTasksLists
                0x008004c0       0x24 ./FREE_RTOS/tasks.o
 .bss.xDelayedTaskList1
                0x008004e4        0x9 ./FREE_RTOS/tasks.o
 .bss.xDelayedTaskList2
                0x008004ed        0x9 ./FREE_RTOS/tasks.o
 .bss.pxDelayedTaskList
                0x008004f6        0x2 ./FREE_RTOS/tasks.o
 .bss.pxOverflowDelayedTaskList
                0x008004f8        0x2 ./FREE_RTOS/tasks.o
 .bss.xPendingReadyList
                0x008004fa        0x9 ./FREE_RTOS/tasks.o
 .bss.xTasksWaitingTermination
                0x00800503        0x9 ./FREE_RTOS/tasks.o
 .bss.xSuspendedTaskList
                0x0080050c        0x9 ./FREE_RTOS/tasks.o
 .bss.pedestrianRequestNS
                0x00800515        0x1 ./APP/main.o
                0x00800515                pedestrianRequestNS
 .bss.pedestrianRequestEW
                0x00800516        0x1 ./APP/main.o
                0x00800516                pedestrianRequestEW
 .bss.Flag      0x00800517        0x1 ./APP/main.o
                0x00800517                Flag
 *(COMMON)
                0x00800518                PROVIDE (__bss_end, .)
                0x00002764                __data_load_start = LOADADDR (.data)
                0x0000278c                __data_load_end = (__data_load_start + SIZEOF (.data))

.noinit         0x00800518        0x0
                0x00800518                PROVIDE (__noinit_start, .)
 *(.noinit*)
                0x00800518                PROVIDE (__noinit_end, .)
                0x00800518                _end = .
                0x00800518                PROVIDE (__heap_start, .)

.eeprom         0x00810000        0x0
 *(.eeprom*)
                0x00810000                __eeprom_end = .

.fuse
 *(.fuse)
 *(.lfuse)
 *(.hfuse)
 *(.efuse)

.lock
 *(.lock*)

.signature
 *(.signature*)

.stab
 *(.stab)

.stabstr
 *(.stabstr)

.stab.excl
 *(.stab.excl)

.stab.exclstr
 *(.stab.exclstr)

.stab.index
 *(.stab.index)

.stab.indexstr
 *(.stab.indexstr)

.comment
 *(.comment)

.debug
 *(.debug)

.line
 *(.line)

.debug_srcinfo
 *(.debug_srcinfo)

.debug_sfnames
 *(.debug_sfnames)

.debug_aranges
 *(.debug_aranges)

.debug_pubnames
 *(.debug_pubnames)

.debug_info
 *(.debug_info)
 *(.gnu.linkonce.wi.*)

.debug_abbrev
 *(.debug_abbrev)

.debug_line
 *(.debug_line)

.debug_frame
 *(.debug_frame)

.debug_str
 *(.debug_str)

.debug_loc
 *(.debug_loc)

.debug_macinfo
 *(.debug_macinfo)
OUTPUT(ReNile_TrafficLed_Project_RTOS.elf elf32-avr)
LOAD linker stubs
