Archive member included because of file (symbol)

c:/users/mahmoud/desktop/imt_sdk_win_64_2/imt_sdk_win_64/winavr/bin/../lib/gcc/avr/4.3.3/avr5\libgcc.a(_exit.o)
                              c:/users/mahmoud/desktop/imt_sdk_win_64_2/imt_sdk_win_64/winavr/bin/../lib/gcc/avr/4.3.3/../../../../avr/lib/avr5/crtm32.o (exit)
c:/users/mahmoud/desktop/imt_sdk_win_64_2/imt_sdk_win_64/winavr/bin/../lib/gcc/avr/4.3.3/avr5\libgcc.a(_copy_data.o)
                              ./FREE_RTOS/tasks.o (__do_copy_data)
c:/users/mahmoud/desktop/imt_sdk_win_64_2/imt_sdk_win_64/winavr/bin/../lib/gcc/avr/4.3.3/avr5\libgcc.a(_clear_bss.o)
                              ./MCAL/EXTERNAL_INTERRUPT/EXTI_PROGRAM1.o (__do_clear_bss)
c:/users/mahmoud/desktop/imt_sdk_win_64_2/imt_sdk_win_64/winavr/bin/../lib/gcc/avr/4.3.3/../../../../avr/lib/avr5\libc.a(memcpy.o)
                              ./FREE_RTOS/queue.o (memcpy)
c:/users/mahmoud/desktop/imt_sdk_win_64_2/imt_sdk_win_64/winavr/bin/../lib/gcc/avr/4.3.3/../../../../avr/lib/avr5\libc.a(memset.o)
                              ./FREE_RTOS/tasks.o (memset)
c:/users/mahmoud/desktop/imt_sdk_win_64_2/imt_sdk_win_64/winavr/bin/../lib/gcc/avr/4.3.3/../../../../avr/lib/avr5\libc.a(strncpy.o)
                              ./FREE_RTOS/tasks.o (strncpy)

Allocating common symbols
Common symbol       size              file

LCD_KEY             0x2               ./APP/main.o

Memory Configuration

Name             Origin             Length             Attributes
text             0x00000000         0x00020000         xr
data             0x00800060         0x0000ffa0         rw !x
eeprom           0x00810000         0x00010000         rw !x
fuse             0x00820000         0x00000400         rw !x
lock             0x00830000         0x00000400         rw !x
signature        0x00840000         0x00000400         rw !x
*default*        0x00000000         0xffffffff

Linker script and memory map

LOAD c:/users/mahmoud/desktop/imt_sdk_win_64_2/imt_sdk_win_64/winavr/bin/../lib/gcc/avr/4.3.3/../../../../avr/lib/avr5/crtm32.o
LOAD ./MCAL/GLOBAL_INTERRUPT/GI_PROGRAM.o
LOAD ./MCAL/EXTERNAL_INTERRUPT/EXTI_PROGRAM1.o
LOAD ./MCAL/DIO/DIO_PROGRAM.o
LOAD ./FREE_RTOS/croutine.o
LOAD ./FREE_RTOS/heap_1.o
LOAD ./FREE_RTOS/list.o
LOAD ./FREE_RTOS/port.o
LOAD ./FREE_RTOS/queue.o
LOAD ./FREE_RTOS/tasks.o
LOAD ./FREE_RTOS/timers.o
LOAD ./APP/Traffic_Led/T_Led_Prohram.o
LOAD ./APP/main.o
LOAD c:/users/mahmoud/desktop/imt_sdk_win_64_2/imt_sdk_win_64/winavr/bin/../lib/gcc/avr/4.3.3/avr5\libgcc.a
LOAD c:/users/mahmoud/desktop/imt_sdk_win_64_2/imt_sdk_win_64/winavr/bin/../lib/gcc/avr/4.3.3/../../../../avr/lib/avr5\libc.a
LOAD c:/users/mahmoud/desktop/imt_sdk_win_64_2/imt_sdk_win_64/winavr/bin/../lib/gcc/avr/4.3.3/avr5\libgcc.a

.hash
 *(.hash)

.dynsym
 *(.dynsym)

.dynstr
 *(.dynstr)

.gnu.version
 *(.gnu.version)

.gnu.version_d
 *(.gnu.version_d)

.gnu.version_r
 *(.gnu.version_r)

.rel.init
 *(.rel.init)

.rela.init
 *(.rela.init)

.rel.text
 *(.rel.text)
 *(.rel.text.*)
 *(.rel.gnu.linkonce.t*)

.rela.text
 *(.rela.text)
 *(.rela.text.*)
 *(.rela.gnu.linkonce.t*)

.rel.fini
 *(.rel.fini)

.rela.fini
 *(.rela.fini)

.rel.rodata
 *(.rel.rodata)
 *(.rel.rodata.*)
 *(.rel.gnu.linkonce.r*)

.rela.rodata
 *(.rela.rodata)
 *(.rela.rodata.*)
 *(.rela.gnu.linkonce.r*)

.rel.data
 *(.rel.data)
 *(.rel.data.*)
 *(.rel.gnu.linkonce.d*)

.rela.data
 *(.rela.data)
 *(.rela.data.*)
 *(.rela.gnu.linkonce.d*)

.rel.ctors
 *(.rel.ctors)

.rela.ctors
 *(.rela.ctors)

.rel.dtors
 *(.rel.dtors)

.rela.dtors
 *(.rela.dtors)

.rel.got
 *(.rel.got)

.rela.got
 *(.rela.got)

.rel.bss
 *(.rel.bss)

.rela.bss
 *(.rela.bss)

.rel.plt
 *(.rel.plt)

.rela.plt
 *(.rela.plt)

.text           0x00000000     0x2180
 *(.vectors)
 .vectors       0x00000000       0x54 c:/users/mahmoud/desktop/imt_sdk_win_64_2/imt_sdk_win_64/winavr/bin/../lib/gcc/avr/4.3.3/../../../../avr/lib/avr5/crtm32.o
                0x00000000                __vectors
                0x00000000                __vector_default
 *(.vectors)
 *(.progmem.gcc*)
 *(.progmem*)
                0x00000054                . = ALIGN (0x2)
                0x00000054                __trampolines_start = .
 *(.trampolines)
 .trampolines   0x00000054        0x0 linker stubs
 *(.trampolines*)
                0x00000054                __trampolines_end = .
 *(.jumptables)
 *(.jumptables*)
 *(.lowtext)
 *(.lowtext*)
                0x00000054                __ctors_start = .
 *(.ctors)
                0x00000054                __ctors_end = .
                0x00000054                __dtors_start = .
 *(.dtors)
                0x00000054                __dtors_end = .
 SORT(*)(.ctors)
 SORT(*)(.dtors)
 *(.init0)
 .init0         0x00000054        0x0 c:/users/mahmoud/desktop/imt_sdk_win_64_2/imt_sdk_win_64/winavr/bin/../lib/gcc/avr/4.3.3/../../../../avr/lib/avr5/crtm32.o
                0x00000054                __init
 *(.init0)
 *(.init1)
 *(.init1)
 *(.init2)
 .init2         0x00000054        0xc c:/users/mahmoud/desktop/imt_sdk_win_64_2/imt_sdk_win_64/winavr/bin/../lib/gcc/avr/4.3.3/../../../../avr/lib/avr5/crtm32.o
 *(.init2)
 *(.init3)
 *(.init3)
 *(.init4)
 .init4         0x00000060       0x16 c:/users/mahmoud/desktop/imt_sdk_win_64_2/imt_sdk_win_64/winavr/bin/../lib/gcc/avr/4.3.3/avr5\libgcc.a(_copy_data.o)
                0x00000060                __do_copy_data
 .init4         0x00000076       0x10 c:/users/mahmoud/desktop/imt_sdk_win_64_2/imt_sdk_win_64/winavr/bin/../lib/gcc/avr/4.3.3/avr5\libgcc.a(_clear_bss.o)
                0x00000076                __do_clear_bss
 *(.init4)
 *(.init5)
 *(.init5)
 *(.init6)
 *(.init6)
 *(.init7)
 *(.init7)
 *(.init8)
 *(.init8)
 *(.init9)
 .init9         0x00000086        0x8 c:/users/mahmoud/desktop/imt_sdk_win_64_2/imt_sdk_win_64/winavr/bin/../lib/gcc/avr/4.3.3/../../../../avr/lib/avr5/crtm32.o
 *(.init9)
 *(.text)
 .text          0x0000008e        0x4 c:/users/mahmoud/desktop/imt_sdk_win_64_2/imt_sdk_win_64/winavr/bin/../lib/gcc/avr/4.3.3/../../../../avr/lib/avr5/crtm32.o
                0x0000008e                __vector_12
                0x0000008e                __bad_interrupt
                0x0000008e                __vector_6
                0x0000008e                __vector_3
                0x0000008e                __vector_11
                0x0000008e                __vector_13
                0x0000008e                __vector_17
                0x0000008e                __vector_19
                0x0000008e                __vector_5
                0x0000008e                __vector_4
                0x0000008e                __vector_9
                0x0000008e                __vector_15
                0x0000008e                __vector_8
                0x0000008e                __vector_14
                0x0000008e                __vector_10
                0x0000008e                __vector_16
                0x0000008e                __vector_18
                0x0000008e                __vector_20
 .text          0x00000092        0x0 ./MCAL/GLOBAL_INTERRUPT/GI_PROGRAM.o
 .text          0x00000092        0x0 ./MCAL/EXTERNAL_INTERRUPT/EXTI_PROGRAM1.o
 .text          0x00000092        0x0 ./MCAL/DIO/DIO_PROGRAM.o
 .text          0x00000092        0x0 ./FREE_RTOS/croutine.o
 .text          0x00000092        0x0 ./FREE_RTOS/heap_1.o
 .text          0x00000092        0x0 ./FREE_RTOS/list.o
 .text          0x00000092        0x0 ./FREE_RTOS/port.o
 .text          0x00000092        0x0 ./FREE_RTOS/queue.o
 .text          0x00000092        0x0 ./FREE_RTOS/tasks.o
 .text          0x00000092        0x0 ./FREE_RTOS/timers.o
 .text          0x00000092        0x0 ./APP/Traffic_Led/T_Led_Prohram.o
 .text          0x00000092        0x0 ./APP/main.o
 .text          0x00000092        0x0 c:/users/mahmoud/desktop/imt_sdk_win_64_2/imt_sdk_win_64/winavr/bin/../lib/gcc/avr/4.3.3/avr5\libgcc.a(_exit.o)
 .text          0x00000092        0x0 c:/users/mahmoud/desktop/imt_sdk_win_64_2/imt_sdk_win_64/winavr/bin/../lib/gcc/avr/4.3.3/avr5\libgcc.a(_copy_data.o)
 .text          0x00000092        0x0 c:/users/mahmoud/desktop/imt_sdk_win_64_2/imt_sdk_win_64/winavr/bin/../lib/gcc/avr/4.3.3/avr5\libgcc.a(_clear_bss.o)
 .text          0x00000092        0x0 c:/users/mahmoud/desktop/imt_sdk_win_64_2/imt_sdk_win_64/winavr/bin/../lib/gcc/avr/4.3.3/../../../../avr/lib/avr5\libc.a(memcpy.o)
 .text          0x00000092        0x0 c:/users/mahmoud/desktop/imt_sdk_win_64_2/imt_sdk_win_64/winavr/bin/../lib/gcc/avr/4.3.3/../../../../avr/lib/avr5\libc.a(memset.o)
 .text          0x00000092        0x0 c:/users/mahmoud/desktop/imt_sdk_win_64_2/imt_sdk_win_64/winavr/bin/../lib/gcc/avr/4.3.3/../../../../avr/lib/avr5\libc.a(strncpy.o)
                0x00000092                . = ALIGN (0x2)
 *(.text.*)
 .text.GI_ENABLE
                0x00000092        0x8 ./MCAL/GLOBAL_INTERRUPT/GI_PROGRAM.o
                0x00000092                GI_ENABLE
 .text.GI_DISABLE
                0x0000009a        0x8 ./MCAL/GLOBAL_INTERRUPT/GI_PROGRAM.o
                0x0000009a                GI_DISABLE
 .text.EXTI_SELECT_MODE
                0x000000a2       0x9e ./MCAL/EXTERNAL_INTERRUPT/EXTI_PROGRAM1.o
                0x000000a2                EXTI_SELECT_MODE
 .text.EXTI_SELECT_INTERRUBT_ENABLE
                0x00000140       0x24 ./MCAL/EXTERNAL_INTERRUPT/EXTI_PROGRAM1.o
                0x00000140                EXTI_SELECT_INTERRUBT_ENABLE
 .text.EXTI_SELECT_INTERRUBT_DISABLE
                0x00000164       0x24 ./MCAL/EXTERNAL_INTERRUPT/EXTI_PROGRAM1.o
                0x00000164                EXTI_SELECT_INTERRUBT_DISABLE
 .text.EXTI_READ_FLAG
                0x00000188       0x30 ./MCAL/EXTERNAL_INTERRUPT/EXTI_PROGRAM1.o
                0x00000188                EXTI_READ_FLAG
 .text.ISR_EXTI0
                0x000001b8        0xa ./MCAL/EXTERNAL_INTERRUPT/EXTI_PROGRAM1.o
                0x000001b8                ISR_EXTI0
 .text.ISR_EXTI1
                0x000001c2        0xa ./MCAL/EXTERNAL_INTERRUPT/EXTI_PROGRAM1.o
                0x000001c2                ISR_EXTI1
 .text.ISR_EXTI2
                0x000001cc        0xa ./MCAL/EXTERNAL_INTERRUPT/EXTI_PROGRAM1.o
                0x000001cc                ISR_EXTI2
 .text.vSET_PIN_DIRECTION
                0x000001d6       0xe8 ./MCAL/DIO/DIO_PROGRAM.o
                0x000001d6                vSET_PIN_DIRECTION
 .text.vSET_PIN_OUTPUT_VALUE
                0x000002be       0xe8 ./MCAL/DIO/DIO_PROGRAM.o
                0x000002be                vSET_PIN_OUTPUT_VALUE
 .text.u8READ_PIN
                0x000003a6       0x40 ./MCAL/DIO/DIO_PROGRAM.o
                0x000003a6                u8READ_PIN
 .text.vToggel_PIN
                0x000003e6       0x6a ./MCAL/DIO/DIO_PROGRAM.o
                0x000003e6                vToggel_PIN
 .text.vSET_PORT_DIRECTION
                0x00000450       0x22 ./MCAL/DIO/DIO_PROGRAM.o
                0x00000450                vSET_PORT_DIRECTION
 .text.vSET_PORT_OUTPUT_VALUE
                0x00000472       0x22 ./MCAL/DIO/DIO_PROGRAM.o
                0x00000472                vSET_PORT_OUTPUT_VALUE
 .text.xCoRoutineRemoveFromEventList
                0x00000494       0x4e ./FREE_RTOS/croutine.o
                0x00000494                xCoRoutineRemoveFromEventList
 .text.vCoRoutineSchedule
                0x000004e2      0x1c0 ./FREE_RTOS/croutine.o
                0x000004e2                vCoRoutineSchedule
 .text.vCoRoutineAddToDelayedList
                0x000006a2       0x7a ./FREE_RTOS/croutine.o
                0x000006a2                vCoRoutineAddToDelayedList
 .text.xCoRoutineCreate
                0x0000071c       0xf4 ./FREE_RTOS/croutine.o
                0x0000071c                xCoRoutineCreate
 .text.vPortFree
                0x00000810        0x2 ./FREE_RTOS/heap_1.o
                0x00000810                vPortFree
 .text.vPortInitialiseBlocks
                0x00000812        0xa ./FREE_RTOS/heap_1.o
                0x00000812                vPortInitialiseBlocks
 .text.xPortGetFreeHeapSize
                0x0000081c       0x14 ./FREE_RTOS/heap_1.o
                0x0000081c                xPortGetFreeHeapSize
 .text.pvPortMalloc
                0x00000830       0x4e ./FREE_RTOS/heap_1.o
                0x00000830                pvPortMalloc
 .text.vListInitialise
                0x0000087e       0x20 ./FREE_RTOS/list.o
                0x0000087e                vListInitialise
 .text.vListInitialiseItem
                0x0000089e        0x8 ./FREE_RTOS/list.o
                0x0000089e                vListInitialiseItem
 .text.vListInsertEnd
                0x000008a6       0x52 ./FREE_RTOS/list.o
                0x000008a6                vListInsertEnd
 .text.vListInsert
                0x000008f8       0x6a ./FREE_RTOS/list.o
                0x000008f8                vListInsert
 .text.vListRemove
                0x00000962       0x50 ./FREE_RTOS/list.o
                0x00000962                vListRemove
 .text.pxPortInitialiseStack
                0x000009b2       0x90 ./FREE_RTOS/port.o
                0x000009b2                pxPortInitialiseStack
 .text.xPortStartScheduler
                0x00000a42       0x6a ./FREE_RTOS/port.o
                0x00000a42                xPortStartScheduler
 .text.vPortEndScheduler
                0x00000aac        0x2 ./FREE_RTOS/port.o
                0x00000aac                vPortEndScheduler
 .text.vPortYieldFromTick
                0x00000aae       0xb6 ./FREE_RTOS/port.o
                0x00000aae                vPortYieldFromTick
 .text.__vector_7
                0x00000b64        0x6 ./FREE_RTOS/port.o
                0x00000b64                __vector_7
 .text.vPortYield
                0x00000b6a       0xb2 ./FREE_RTOS/port.o
                0x00000b6a                vPortYield
 .text.uxQueueMessagesWaiting
                0x00000c1c       0x10 ./FREE_RTOS/queue.o
                0x00000c1c                uxQueueMessagesWaiting
 .text.uxQueueMessagesWaitingFromISR
                0x00000c2c        0x6 ./FREE_RTOS/queue.o
                0x00000c2c                uxQueueMessagesWaitingFromISR
 .text.xQueueIsQueueEmptyFromISR
                0x00000c32       0x10 ./FREE_RTOS/queue.o
                0x00000c32                xQueueIsQueueEmptyFromISR
 .text.xQueueIsQueueFullFromISR
                0x00000c42       0x12 ./FREE_RTOS/queue.o
                0x00000c42                xQueueIsQueueFullFromISR
 .text.vQueueDelete
                0x00000c54       0x1c ./FREE_RTOS/queue.o
                0x00000c54                vQueueDelete
 .text.xQueueReceiveFromISR
                0x00000c70       0x7e ./FREE_RTOS/queue.o
                0x00000c70                xQueueReceiveFromISR
 .text.prvCopyDataToQueue
                0x00000cee       0x82 ./FREE_RTOS/queue.o
 .text.xQueueGenericSendFromISR
                0x00000d70       0x50 ./FREE_RTOS/queue.o
                0x00000d70                xQueueGenericSendFromISR
 .text.prvUnlockQueue
                0x00000dc0       0x80 ./FREE_RTOS/queue.o
 .text.xQueueGenericReceive
                0x00000e40      0x198 ./FREE_RTOS/queue.o
                0x00000e40                xQueueGenericReceive
 .text.xQueueGenericSend
                0x00000fd8      0x148 ./FREE_RTOS/queue.o
                0x00000fd8                xQueueGenericSend
 .text.xQueueCreate
                0x00001120       0xbe ./FREE_RTOS/queue.o
                0x00001120                xQueueCreate
 .text.xQueueCreateCountingSemaphore
                0x000011de       0x18 ./FREE_RTOS/queue.o
                0x000011de                xQueueCreateCountingSemaphore
 .text.xTaskIsTaskSuspended
                0x000011f6       0x28 ./FREE_RTOS/tasks.o
                0x000011f6                xTaskIsTaskSuspended
 .text.vTaskSuspendAll
                0x0000121e        0xc ./FREE_RTOS/tasks.o
                0x0000121e                vTaskSuspendAll
 .text.xTaskGetTickCount
                0x0000122a       0x16 ./FREE_RTOS/tasks.o
                0x0000122a                xTaskGetTickCount
 .text.xTaskGetTickCountFromISR
                0x00001240        0xc ./FREE_RTOS/tasks.o
                0x00001240                xTaskGetTickCountFromISR
 .text.uxTaskGetNumberOfTasks
                0x0000124c        0x6 ./FREE_RTOS/tasks.o
                0x0000124c                uxTaskGetNumberOfTasks
 .text.vTaskSwitchContext
                0x00001252       0x84 ./FREE_RTOS/tasks.o
                0x00001252                vTaskSwitchContext
 .text.vTaskSetTimeOutState
                0x000012d6       0x16 ./FREE_RTOS/tasks.o
                0x000012d6                vTaskSetTimeOutState
 .text.xTaskCheckForTimeOut
                0x000012ec       0x7c ./FREE_RTOS/tasks.o
                0x000012ec                xTaskCheckForTimeOut
 .text.vTaskMissedYield
                0x00001368        0x8 ./FREE_RTOS/tasks.o
                0x00001368                vTaskMissedYield
 .text.xTaskRemoveFromEventList
                0x00001370       0x7e ./FREE_RTOS/tasks.o
                0x00001370                xTaskRemoveFromEventList
 .text.vTaskIncrementTick
                0x000013ee      0x148 ./FREE_RTOS/tasks.o
                0x000013ee                vTaskIncrementTick
 .text.xTaskResumeFromISR
                0x00001536       0x9c ./FREE_RTOS/tasks.o
                0x00001536                xTaskResumeFromISR
 .text.prvAddCurrentTaskToDelayedList
                0x000015d2       0x6e ./FREE_RTOS/tasks.o
 .text.vTaskPlaceOnEventList
                0x00001640       0x58 ./FREE_RTOS/tasks.o
                0x00001640                vTaskPlaceOnEventList
 .text.xTaskResumeAll
                0x00001698       0xf6 ./FREE_RTOS/tasks.o
                0x00001698                xTaskResumeAll
 .text.vTaskResume
                0x0000178e       0x92 ./FREE_RTOS/tasks.o
                0x0000178e                vTaskResume
 .text.vTaskSuspend
                0x00001820       0xa2 ./FREE_RTOS/tasks.o
                0x00001820                vTaskSuspend
 .text.vTaskDelay
                0x000018c2       0x4e ./FREE_RTOS/tasks.o
                0x000018c2                vTaskDelay
 .text.vTaskDelayUntil
                0x00001910       0x78 ./FREE_RTOS/tasks.o
                0x00001910                vTaskDelayUntil
 .text.vTaskDelete
                0x00001988       0x9a ./FREE_RTOS/tasks.o
                0x00001988                vTaskDelete
 .text.vTaskEndScheduler
                0x00001a22        0xc ./FREE_RTOS/tasks.o
                0x00001a22                vTaskEndScheduler
 .text.prvIdleTask
                0x00001a2e       0x66 ./FREE_RTOS/tasks.o
 .text.xTaskGenericCreate
                0x00001a94      0x252 ./FREE_RTOS/tasks.o
                0x00001a94                xTaskGenericCreate
 .text.vTaskStartScheduler
                0x00001ce6       0x56 ./FREE_RTOS/tasks.o
                0x00001ce6                vTaskStartScheduler
 .text.EAST_WEST_GREENDisable
                0x00001d3c        0xa ./APP/Traffic_Led/T_Led_Prohram.o
                0x00001d3c                EAST_WEST_GREENDisable
 .text.EAST_WEST_GREENEnable
                0x00001d46        0xa ./APP/Traffic_Led/T_Led_Prohram.o
                0x00001d46                EAST_WEST_GREENEnable
 .text.Yellow_Disable
                0x00001d50        0xa ./APP/Traffic_Led/T_Led_Prohram.o
                0x00001d50                Yellow_Disable
 .text.Yellow_Enable
                0x00001d5a        0xa ./APP/Traffic_Led/T_Led_Prohram.o
                0x00001d5a                Yellow_Enable
 .text.North_South_GreenDisable
                0x00001d64        0xa ./APP/Traffic_Led/T_Led_Prohram.o
                0x00001d64                North_South_GreenDisable
 .text.North_South_GreenEnable
                0x00001d6e        0xa ./APP/Traffic_Led/T_Led_Prohram.o
                0x00001d6e                North_South_GreenEnable
 .text.vSetUp_TrafficButton_Direction
                0x00001d78       0x4a ./APP/Traffic_Led/T_Led_Prohram.o
                0x00001d78                vSetUp_TrafficButton_Direction
 .text.vSetUp_TrafficLed_Direction
                0x00001dc2       0x42 ./APP/Traffic_Led/T_Led_Prohram.o
                0x00001dc2                vSetUp_TrafficLed_Direction
 .text.__vector_2
                0x00001e04       0x82 ./APP/main.o
                0x00001e04                __vector_2
 .text.__vector_1
                0x00001e86       0x82 ./APP/main.o
                0x00001e86                __vector_1
 .text.main     0x00001f08       0x68 ./APP/main.o
                0x00001f08                main
 .text.trafficLightControlTask
                0x00001f70       0x92 ./APP/main.o
                0x00001f70                trafficLightControlTask
 .text.button_task2
                0x00002002       0x9c ./APP/main.o
                0x00002002                button_task2
 .text.button_task1
                0x0000209e       0xa0 ./APP/main.o
                0x0000209e                button_task1
 .text.libgcc   0x0000213e        0x0 c:/users/mahmoud/desktop/imt_sdk_win_64_2/imt_sdk_win_64/winavr/bin/../lib/gcc/avr/4.3.3/avr5\libgcc.a(_exit.o)
 .text.libgcc   0x0000213e        0x0 c:/users/mahmoud/desktop/imt_sdk_win_64_2/imt_sdk_win_64/winavr/bin/../lib/gcc/avr/4.3.3/avr5\libgcc.a(_copy_data.o)
 .text.libgcc   0x0000213e        0x0 c:/users/mahmoud/desktop/imt_sdk_win_64_2/imt_sdk_win_64/winavr/bin/../lib/gcc/avr/4.3.3/avr5\libgcc.a(_clear_bss.o)
 .text.avr-libc
                0x0000213e       0x12 c:/users/mahmoud/desktop/imt_sdk_win_64_2/imt_sdk_win_64/winavr/bin/../lib/gcc/avr/4.3.3/../../../../avr/lib/avr5\libc.a(memcpy.o)
                0x0000213e                memcpy
 .text.avr-libc
                0x00002150        0xe c:/users/mahmoud/desktop/imt_sdk_win_64_2/imt_sdk_win_64/winavr/bin/../lib/gcc/avr/4.3.3/../../../../avr/lib/avr5\libc.a(memset.o)
                0x00002150                memset
 .text.avr-libc
                0x0000215e       0x1e c:/users/mahmoud/desktop/imt_sdk_win_64_2/imt_sdk_win_64/winavr/bin/../lib/gcc/avr/4.3.3/../../../../avr/lib/avr5\libc.a(strncpy.o)
                0x0000215e                strncpy
                0x0000217c                . = ALIGN (0x2)
 *(.fini9)
 .fini9         0x0000217c        0x0 c:/users/mahmoud/desktop/imt_sdk_win_64_2/imt_sdk_win_64/winavr/bin/../lib/gcc/avr/4.3.3/avr5\libgcc.a(_exit.o)
                0x0000217c                exit
                0x0000217c                _exit
 *(.fini9)
 *(.fini8)
 *(.fini8)
 *(.fini7)
 *(.fini7)
 *(.fini6)
 *(.fini6)
 *(.fini5)
 *(.fini5)
 *(.fini4)
 *(.fini4)
 *(.fini3)
 *(.fini3)
 *(.fini2)
 *(.fini2)
 *(.fini1)
 *(.fini1)
 *(.fini0)
 .fini0         0x0000217c        0x4 c:/users/mahmoud/desktop/imt_sdk_win_64_2/imt_sdk_win_64/winavr/bin/../lib/gcc/avr/4.3.3/avr5\libgcc.a(_exit.o)
 *(.fini0)
                0x00002180                _etext = .

.data           0x00800060        0xa load address 0x00002180
                0x00800060                PROVIDE (__data_start, .)
 *(.data)
 .data          0x00800060        0x0 c:/users/mahmoud/desktop/imt_sdk_win_64_2/imt_sdk_win_64/winavr/bin/../lib/gcc/avr/4.3.3/../../../../avr/lib/avr5/crtm32.o
 .data          0x00800060        0x0 ./MCAL/GLOBAL_INTERRUPT/GI_PROGRAM.o
 .data          0x00800060        0x0 ./MCAL/EXTERNAL_INTERRUPT/EXTI_PROGRAM1.o
 .data          0x00800060        0x0 ./MCAL/DIO/DIO_PROGRAM.o
 .data          0x00800060        0x0 ./FREE_RTOS/croutine.o
 .data          0x00800060        0x0 ./FREE_RTOS/heap_1.o
 .data          0x00800060        0x0 ./FREE_RTOS/list.o
 .data          0x00800060        0x0 ./FREE_RTOS/port.o
 .data          0x00800060        0x0 ./FREE_RTOS/queue.o
 .data          0x00800060        0x5 ./FREE_RTOS/tasks.o
 .data          0x00800065        0x0 ./FREE_RTOS/timers.o
 .data          0x00800065        0x0 ./APP/Traffic_Led/T_Led_Prohram.o
 .data          0x00800065        0x0 ./APP/main.o
 .data          0x00800065        0x0 c:/users/mahmoud/desktop/imt_sdk_win_64_2/imt_sdk_win_64/winavr/bin/../lib/gcc/avr/4.3.3/avr5\libgcc.a(_exit.o)
 .data          0x00800065        0x0 c:/users/mahmoud/desktop/imt_sdk_win_64_2/imt_sdk_win_64/winavr/bin/../lib/gcc/avr/4.3.3/avr5\libgcc.a(_copy_data.o)
 .data          0x00800065        0x0 c:/users/mahmoud/desktop/imt_sdk_win_64_2/imt_sdk_win_64/winavr/bin/../lib/gcc/avr/4.3.3/avr5\libgcc.a(_clear_bss.o)
 .data          0x00800065        0x0 c:/users/mahmoud/desktop/imt_sdk_win_64_2/imt_sdk_win_64/winavr/bin/../lib/gcc/avr/4.3.3/../../../../avr/lib/avr5\libc.a(memcpy.o)
 .data          0x00800065        0x0 c:/users/mahmoud/desktop/imt_sdk_win_64_2/imt_sdk_win_64/winavr/bin/../lib/gcc/avr/4.3.3/../../../../avr/lib/avr5\libc.a(memset.o)
 .data          0x00800065        0x0 c:/users/mahmoud/desktop/imt_sdk_win_64_2/imt_sdk_win_64/winavr/bin/../lib/gcc/avr/4.3.3/../../../../avr/lib/avr5\libc.a(strncpy.o)
 *(.data*)
 .data.xNextTaskUnblockTime
                0x00800065        0x2 ./FREE_RTOS/tasks.o
 .data.Flag     0x00800067        0x1 ./APP/main.o
                0x00800067                Flag
 .data.Flag1    0x00800068        0x1 ./APP/main.o
                0x00800068                Flag1
 *(.rodata)
 *(.rodata*)
 *(.gnu.linkonce.d*)
                0x0080006a                . = ALIGN (0x2)
 *fill*         0x00800069        0x1 00
                0x0080006a                _edata = .
                0x0080006a                PROVIDE (__data_end, .)

.bss            0x0080006a      0x683
                0x0080006a                PROVIDE (__bss_start, .)
 *(.bss)
 .bss           0x0080006a        0x0 c:/users/mahmoud/desktop/imt_sdk_win_64_2/imt_sdk_win_64/winavr/bin/../lib/gcc/avr/4.3.3/../../../../avr/lib/avr5/crtm32.o
 .bss           0x0080006a        0x0 ./MCAL/GLOBAL_INTERRUPT/GI_PROGRAM.o
 .bss           0x0080006a        0x0 ./MCAL/EXTERNAL_INTERRUPT/EXTI_PROGRAM1.o
 .bss           0x0080006a        0x0 ./MCAL/DIO/DIO_PROGRAM.o
 .bss           0x0080006a        0x0 ./FREE_RTOS/croutine.o
 .bss           0x0080006a        0x0 ./FREE_RTOS/heap_1.o
 .bss           0x0080006a        0x0 ./FREE_RTOS/list.o
 .bss           0x0080006a        0x0 ./FREE_RTOS/port.o
 .bss           0x0080006a        0x0 ./FREE_RTOS/queue.o
 .bss           0x0080006a        0x0 ./FREE_RTOS/tasks.o
 .bss           0x0080006a        0x0 ./FREE_RTOS/timers.o
 .bss           0x0080006a        0x0 ./APP/Traffic_Led/T_Led_Prohram.o
 .bss           0x0080006a        0x0 ./APP/main.o
 .bss           0x0080006a        0x0 c:/users/mahmoud/desktop/imt_sdk_win_64_2/imt_sdk_win_64/winavr/bin/../lib/gcc/avr/4.3.3/avr5\libgcc.a(_exit.o)
 .bss           0x0080006a        0x0 c:/users/mahmoud/desktop/imt_sdk_win_64_2/imt_sdk_win_64/winavr/bin/../lib/gcc/avr/4.3.3/avr5\libgcc.a(_copy_data.o)
 .bss           0x0080006a        0x0 c:/users/mahmoud/desktop/imt_sdk_win_64_2/imt_sdk_win_64/winavr/bin/../lib/gcc/avr/4.3.3/avr5\libgcc.a(_clear_bss.o)
 .bss           0x0080006a        0x0 c:/users/mahmoud/desktop/imt_sdk_win_64_2/imt_sdk_win_64/winavr/bin/../lib/gcc/avr/4.3.3/../../../../avr/lib/avr5\libc.a(memcpy.o)
 .bss           0x0080006a        0x0 c:/users/mahmoud/desktop/imt_sdk_win_64_2/imt_sdk_win_64/winavr/bin/../lib/gcc/avr/4.3.3/../../../../avr/lib/avr5\libc.a(memset.o)
 .bss           0x0080006a        0x0 c:/users/mahmoud/desktop/imt_sdk_win_64_2/imt_sdk_win_64/winavr/bin/../lib/gcc/avr/4.3.3/../../../../avr/lib/avr5\libc.a(strncpy.o)
 *(.bss*)
 .bss.PTR1      0x0080006a        0x2 ./MCAL/EXTERNAL_INTERRUPT/EXTI_PROGRAM1.o
                0x0080006a                PTR1
 .bss.PTR2      0x0080006c        0x2 ./MCAL/EXTERNAL_INTERRUPT/EXTI_PROGRAM1.o
                0x0080006c                PTR2
 .bss.PTR3      0x0080006e        0x2 ./MCAL/EXTERNAL_INTERRUPT/EXTI_PROGRAM1.o
                0x0080006e                PTR3
 .bss.pxCurrentCoRoutine
                0x00800070        0x2 ./FREE_RTOS/croutine.o
                0x00800070                pxCurrentCoRoutine
 .bss.uxTopCoRoutineReadyPriority
                0x00800072        0x1 ./FREE_RTOS/croutine.o
 .bss.xLastTickCount
                0x00800073        0x2 ./FREE_RTOS/croutine.o
 .bss.xPassedTicks
                0x00800075        0x2 ./FREE_RTOS/croutine.o
 .bss.xCoRoutineTickCount
                0x00800077        0x2 ./FREE_RTOS/croutine.o
 .bss.pxReadyCoRoutineLists
                0x00800079       0x12 ./FREE_RTOS/croutine.o
 .bss.xDelayedCoRoutineList1
                0x0080008b        0x9 ./FREE_RTOS/croutine.o
 .bss.xDelayedCoRoutineList2
                0x00800094        0x9 ./FREE_RTOS/croutine.o
 .bss.pxDelayedCoRoutineList
                0x0080009d        0x2 ./FREE_RTOS/croutine.o
 .bss.pxOverflowDelayedCoRoutineList
                0x0080009f        0x2 ./FREE_RTOS/croutine.o
 .bss.xPendingReadyCoRoutineList
                0x008000a1        0x9 ./FREE_RTOS/croutine.o
 .bss.xNextFreeByte
                0x008000aa        0x2 ./FREE_RTOS/heap_1.o
 .bss.xHeap     0x008000ac      0x5dc ./FREE_RTOS/heap_1.o
 .bss.pxCurrentTCB
                0x00800688        0x2 ./FREE_RTOS/tasks.o
                0x00800688                pxCurrentTCB
 .bss.xMissedYield
                0x0080068a        0x1 ./FREE_RTOS/tasks.o
 .bss.xNumOfOverflows
                0x0080068b        0x1 ./FREE_RTOS/tasks.o
 .bss.xTickCount
                0x0080068c        0x2 ./FREE_RTOS/tasks.o
 .bss.uxSchedulerSuspended
                0x0080068e        0x1 ./FREE_RTOS/tasks.o
 .bss.uxTopReadyPriority
                0x0080068f        0x1 ./FREE_RTOS/tasks.o
 .bss.uxMissedTicks
                0x00800690        0x1 ./FREE_RTOS/tasks.o
 .bss.uxCurrentNumberOfTasks
                0x00800691        0x1 ./FREE_RTOS/tasks.o
 .bss.xSchedulerRunning
                0x00800692        0x1 ./FREE_RTOS/tasks.o
 .bss.uxTasksDeleted
                0x00800693        0x1 ./FREE_RTOS/tasks.o
 .bss.uxTaskNumber
                0x00800694        0x1 ./FREE_RTOS/tasks.o
 .bss.uxTopUsedPriority
                0x00800695        0x1 ./FREE_RTOS/tasks.o
 .bss.pxReadyTasksLists
                0x00800696       0x24 ./FREE_RTOS/tasks.o
 .bss.xDelayedTaskList1
                0x008006ba        0x9 ./FREE_RTOS/tasks.o
 .bss.xDelayedTaskList2
                0x008006c3        0x9 ./FREE_RTOS/tasks.o
 .bss.pxDelayedTaskList
                0x008006cc        0x2 ./FREE_RTOS/tasks.o
 .bss.pxOverflowDelayedTaskList
                0x008006ce        0x2 ./FREE_RTOS/tasks.o
 .bss.xPendingReadyList
                0x008006d0        0x9 ./FREE_RTOS/tasks.o
 .bss.xTasksWaitingTermination
                0x008006d9        0x9 ./FREE_RTOS/tasks.o
 .bss.xSuspendedTaskList
                0x008006e2        0x9 ./FREE_RTOS/tasks.o
 *(COMMON)
 COMMON         0x008006eb        0x2 ./APP/main.o
                0x008006eb                LCD_KEY
                0x008006ed                PROVIDE (__bss_end, .)
                0x00002180                __data_load_start = LOADADDR (.data)
                0x0000218a                __data_load_end = (__data_load_start + SIZEOF (.data))

.noinit         0x008006ed        0x0
                0x008006ed                PROVIDE (__noinit_start, .)
 *(.noinit*)
                0x008006ed                PROVIDE (__noinit_end, .)
                0x008006ed                _end = .
                0x008006ed                PROVIDE (__heap_start, .)

.eeprom         0x00810000        0x0
 *(.eeprom*)
                0x00810000                __eeprom_end = .

.fuse
 *(.fuse)
 *(.lfuse)
 *(.hfuse)
 *(.efuse)

.lock
 *(.lock*)

.signature
 *(.signature*)

.stab           0x00000000     0x5034
 *(.stab)
 .stab          0x00000000      0x1bc ./MCAL/GLOBAL_INTERRUPT/GI_PROGRAM.o
 .stab          0x000001bc      0x468 ./MCAL/EXTERNAL_INTERRUPT/EXTI_PROGRAM1.o
                                0x474 (size before relaxing)
 .stab          0x00000624      0x69c ./MCAL/DIO/DIO_PROGRAM.o
                                0x6a8 (size before relaxing)
 .stab          0x00000cc0      0x7e0 ./FREE_RTOS/croutine.o
                                0x99c (size before relaxing)
 .stab          0x000014a0      0x33c ./FREE_RTOS/heap_1.o
                                0x60c (size before relaxing)
 .stab          0x000017dc      0x474 ./FREE_RTOS/list.o
                                0x750 (size before relaxing)
 .stab          0x00001c50      0x558 ./FREE_RTOS/port.o
                                0x888 (size before relaxing)
 .stab          0x000021a8      0xce4 ./FREE_RTOS/queue.o
                               0x1020 (size before relaxing)
 .stab          0x00002e8c     0x1458 ./FREE_RTOS/tasks.o
                               0x16b0 (size before relaxing)
 .stab          0x000042e4      0x1c8 ./FREE_RTOS/timers.o
                                0x4c8 (size before relaxing)
 .stab          0x000044ac      0x3a8 ./APP/Traffic_Led/T_Led_Prohram.o
                                0x3b4 (size before relaxing)
 .stab          0x00004854      0x7e0 ./APP/main.o
                                0x9cc (size before relaxing)

.stabstr        0x00000000     0x3536
 *(.stabstr)
 .stabstr       0x00000000     0x3536 ./MCAL/GLOBAL_INTERRUPT/GI_PROGRAM.o

.stab.excl
 *(.stab.excl)

.stab.exclstr
 *(.stab.exclstr)

.stab.index
 *(.stab.index)

.stab.indexstr
 *(.stab.indexstr)

.comment
 *(.comment)

.debug
 *(.debug)

.line
 *(.line)

.debug_srcinfo
 *(.debug_srcinfo)

.debug_sfnames
 *(.debug_sfnames)

.debug_aranges
 *(.debug_aranges)

.debug_pubnames
 *(.debug_pubnames)

.debug_info
 *(.debug_info)
 *(.gnu.linkonce.wi.*)

.debug_abbrev
 *(.debug_abbrev)

.debug_line
 *(.debug_line)

.debug_frame
 *(.debug_frame)

.debug_str
 *(.debug_str)

.debug_loc
 *(.debug_loc)

.debug_macinfo
 *(.debug_macinfo)
OUTPUT(ReNile_TrafficLed_Project_RTOS.elf elf32-avr)
LOAD linker stubs
